-------------------------------------------------------------------------------------------------------------------------------------
Previous double-blind                                                                 Active           Active                       
therapy                                         Placebo                             X.Xmg/kg          Xx.Xmg/kg         Active     
                         ------------------------------------------------------------------------------------------------------------
OLE therapy                   X.Xmg/kg          X.Xmg/kg           Total                                                 Total       
                         ------------------------------------------------------------------------------------------------------------
                               (N=XX)            (N=XX)           (N=XXX)           (N=XXX)           (N=XXX)           (N=XXX)      
                         ------------------------------------------------------------------------------------------------------------
ECG Parameters (Unit)    Baseline  Change  Baseline  Change  Baseline  Change  Baseline  Change  Baseline  Change  Baseline  Change  
  Summary Statistics       [a]      [b]      [a]      [b]      [a]      [b]      [a]      [b]      [a]      [b]      [a]      [b]    
-------------------------------------------------------------------------------------------------------------------------------------
                                                                                                                                     
QT Interval (msec)                                                                                                                   
  n                        XX        XX      XX        XX     XXX       XXX     XXX        XX     XXX       XXX     XXX       XXX    
  Mean                    XXX.X       X.X   XXX.X       X.X   XXX.X       X.X   XXX.X       X.X   XXX.X       X.X   XXX.X       X.X  
  SD                       XX.XX     XX.XX   XX.XX     XX.XX   XX.XX     XX.XX   XX.XX     XX.XX   XX.XX     XX.XX   XX.XX     XX.XX 
  Median                  XXX.X       X.X   XXX.X       X.X   XXX.X       X.X   XXX.X       X.X   XXX.X       X.X   XXX.X       X.X  
  Min                     XXX.X     -XX.X   XXX.X     -XX.X   XXX.X     -XX.X   XXX.X     -XX.X   XXX.X     -XX.X   XXX.X     -XX.X  
  Max                     XXX.X      XX.X   XXX.X      XX.X   XXX.X      XX.X   XXX.X      XX.X   XXX.X      XX.X   XXX.X      XX.X  
                                                                                                                                     
QTcF (msec)                                                                                                                          
  n                        XX        XX      XX        XX     XXX       XXX     XXX        XX     XXX       XXX     XXX       XXX    
  Mean                    XXX.X       X.X   XXX.X       X.X   XXX.X       X.X   XXX.X       X.X   XXX.X       X.X   XXX.X       X.X  
  SD                       XX.XX     XX.XX   XX.XX     XX.XX   XX.XX     XX.XX   XX.XX     XX.XX   XX.XX     XX.XX   XX.XX     XX.XX 
  Median                  XXX.X       X.X   XXX.X       X.X   XXX.X       X.X   XXX.X       X.X   XXX.X       X.X   XXX.X       X.X  
  Min                     XXX.X     -XX.X   XXX.X     -XX.X   XXX.X     -XX.X   XXX.X     -XX.X   XXX.X     -XX.X   XXX.X     -XX.X  
  Max                     XXX.X      XX.X   XXX.X      XX.X   XXX.X      XX.X   XXX.X      XX.X   XXX.X      XX.X   XXX.X      XX.X  
                                                                                                                                     

                                                                                                                                     
-------------------------------------------------------------------------------------------------------------------------------------
