-------------------------------------------------------------------------------------------------------------------------------------
                                                                               Active-XXmg         Active-XXXmg             Total    
MedDRA System Organ Class                                                            (N=XX)                (N=XX)           (N=XX)    
  MedDRA Preferred Term                                      Maximum Grade          n   (%)               n   (%)          n   (%)   
-------------------------------------------------------------------------------------------------------------------------------------
                                                                                                                                     
Subjects with >= 1 TEAE                                        Any grade           33 ( 80.5)             2 (100.0)       35 ( 81.4) 
                                                                  1/2              20 ( 48.8)             2 (100.0)       22 ( 51.2) 
                                                                 3/4/5             13 ( 31.7)             0 (  0.0)       13 ( 30.2) 
                                                                   5                1 (  2.4)             0 (  0.0)        1 (  2.3) 
                                                                                                                                     
Blood and lymphatic system disorders                           Any grade            5 ( 12.2)             0 (  0.0)        5 ( 11.6) 
                                                                  1/2               3 (  7.3)             0 (  0.0)        3 (  7.0) 
                                                                 3/4/5              2 (  4.9)             0 (  0.0)        2 (  4.7) 
                                                                   5                0 (  0.0)             0 (  0.0)        0 (  0.0) 
                                                                                                                                     
  Anaemia                                                      Any grade            4 (  9.8)             0 (  0.0)        4 (  9.3) 
                                                                  1/2               3 (  7.3)             0 (  0.0)        3 (  7.0) 
                                                                 3/4/5              1 (  2.4)             0 (  0.0)        1 (  2.3) 
                                                                   5                0 (  0.0)             0 (  0.0)        0 (  0.0) 
                                                                                                                                     
  Febrile neutropenia                                          Any grade            1 (  2.4)             0 (  0.0)        1 (  2.3) 
                                                                  1/2               0 (  0.0)             0 (  0.0)        0 (  0.0) 
                                                                 3/4/5              1 (  2.4)             0 (  0.0)        1 (  2.3) 
                                                                   5                0 (  0.0)             0 (  0.0)        0 (  0.0) 
                                                                                                                                     



-------------------------------------------------------------------------------------------------------------------------------------
