-------------------------------------------------------------------------------------------------------------------------------------
                                                                                                      Change from Baseline           
Previous Therapy/                   Time                                                   ------------------------------------------
Current therapy                     Point            n       Mean     Median        SD          n       Mean      Median        SD   
-------------------------------------------------------------------------------------------------------------------------------------
                                                                                                                                     
Placebo/X.Xmg/kg (N=XX)             Baseline        XX      XX.XX      XX.XX     XX.XXX                                              
                                    Week X          XX      XX.XX      XX.XX      X.XXX        XX       -X.XX      -X.XX      XX.XXX 
                                    Week XX         XX      XX.XX      XX.XX     XX.XXX        XX       -X.XX      -X.XX      XX.XXX 
                                    Week XX         XX      XX.XX      XX.XX      X.XXX        XX       -X.XX      -X.XX       X.XXX 
                                    Week XX         XX      XX.XX      XX.XX      X.XXX        XX        X.XX       X.XX      XX.XXX 
                                    Week XX         XX      XX.XX      XX.XX      X.XXX        XX       -X.XX       X.XX      XX.XXX 
                                    Week XX         XX      XX.XX      XX.XX      X.XXX        XX       -X.XX      -X.XX      XX.XXX 
                                    Week XX         XX      XX.XX      XX.XX      X.XXX        XX        X.XX      -X.XX      XX.XXX 
                                    Week XX          X      XX.XX      XX.XX      X.XXX         X       -X.XX      -X.XX       X.XXX 
                                    Week XX         XX      XX.XX      XX.XX      X.XXX        XX       -X.XX      -X.XX      XX.XXX 
                                    Endpoint        XX      XX.XX      XX.XX      X.XXX        XX       -X.XX      -X.XX      XX.XXX 
                                                                                                                                     
Placebo/X.Xmg/kg (N=XX)             Baseline        XX      XX.XX      XX.XX      X.XXX                                              
                                    Week X          XX      XX.XX      XX.XX      X.XXX        XX       -X.XX       X.XX       X.XXX 
                                    Week XX         XX      XX.XX      XX.XX      X.XXX        XX        X.XX      -X.XX      XX.XXX 
                                    Week XX         XX      XX.XX      XX.XX      X.XXX        XX        X.XX       X.XX       X.XXX 
                                    Week XX         XX      XX.XX      XX.XX     XX.XXX        XX        X.XX       X.XX      XX.XXX 
                                    Week XX         XX      XX.XX      XX.XX      X.XXX        XX        X.XX       X.XX       X.XXX 
                                    Week XX         XX      XX.XX      XX.XX      X.XXX        XX       -X.XX      -X.XX       X.XXX 
                                    Week XX         XX      XX.XX      XX.XX      X.XXX        XX        X.XX       X.XX       X.XXX 
                                    Week XX         XX      XX.XX      XX.XX     XX.XXX        XX        X.XX       X.XX      XX.XXX 
                                    Week XX         XX      XX.XX      XX.XX     XX.XXX        XX       -X.XX      -X.XX      XX.XXX 
                                    Endpoint        XX      XX.XX      XX.XX      X.XXX        XX        X.XX       X.XX      XX.XXX 
                                                                                                                                     
Placebo/Total (N=XXX)               Baseline       XXX      XX.XX      XX.XX     XX.XXX                                              
                                    Week X         XXX      XX.XX      XX.XX      X.XXX       XXX       -X.XX       X.XX      XX.XXX 
                                    Week XX        XXX      XX.XX      XX.XX     XX.XXX       XXX       -X.XX      -X.XX      XX.XXX 
                                    Week XX        XXX      XX.XX      XX.XX      X.XXX       XXX        X.XX       X.XX       X.XXX 
                                                                                                                                     
-------------------------------------------------------------------------------------------------------------------------------------
