                      program link: https://raw.githubusercontent.com/curiouskid9/clinical_sas_samples/master/programs/tds_001a.sas
                      output link:  https://raw.githubusercontent.com/curiouskid9/clinical_sas_samples/master/outputs/tds_001a.rtf
                                                                            
                     --------------------------------------------------------------------------------------------------------------

                                                  Analysis Set                               Total    
                                                  ----------------------------------------------------
                                                                                                      
                                                  Subjects with Informed Consent              787     
                                                                                                      
                                                  Discontinued before Randomization [1]       220     
                                                                                                      
                                                  Randomized                                  421     
                                                                                                      
 
 
 
 
 
 
 
 
 
 
 
 
 
 
 
 
 
 
 
 
 
 
 
 
 
 
 
 
 
 
 
 
 
                     --------------------------------------------------------------------------------------------------------------
