-------------------------------------------------------------------------------------------------------------------------------------
                                                         Active-XXmg                   Active-XXXmg                 Total           
                                                             (N=XX)                       (N=X)                     (N=XX)           
                                                            n   (%)                      n   (%)                    n   (%)          
-------------------------------------------------------------------------------------------------------------------------------------
                                                                                                                                     
Number (%) of Patients with Events                          X (  X.X)                    X (  X.X)                  X (  X.X)        
                                                                                                                                     
Number (%) of Patients Censored                            XX ( XX.X)                    X (XXX.X)                 XX ( XX.X)        
  Alive                                                    XX ( XX.X)                    X (XXX.X)                 XX ( XX.X)        
                                                                                                                                     
Minimum, days                                                  XX                           XX                         XX            
25th percentile (95% CI)                             XXX.X (XXX.XX,   -   )         - (  -   ,   -   )      XXX.X (XXX.XX,   -   )   
Median (95% CI)                                      XXX.X (XXX.XX,   -   )         - (  -   ,   -   )      XXX.X (XXX.XX,   -   )   
75th percentile (95% CI)                                -  (XXX.XX,   -   )         - (  -   ,   -   )         -  (XXX.XX,   -   )    
Maximum                                                       XXX                          XXX                        XXX            
                                                                                                                                     
Probability (%) that overall survival time is at                                                                                     
least:                                                                                                                               
6 Months (XX% CI)                                    XXX.X (  -   ,   -   )      XXX.X (  -   ,   -   )     XXX.X (  -   ,   -   )   
9 Months (XX% CI)                                    XXX.X (  -   ,   -   )        -   (  -   ,   -   )     XXX.X (  -   ,   -   )   
12 Months (XX% CI)                                    XX.X ( XX.X ,  XX.X )        -   (  -   ,   -   )      XX.X ( XX.X ,  XX.X )   

-------------------------------------------------------------------------------------------------------------------------------------
